ğŸ“– REFERENCIA RÃPIDA - COMANDOS CLAVE
====================================

CARPETA: c:\Users\USUARIO\Programacion\modelos\App_colaborativa

â•â•â•â•â•â•â•â•â•â•â•â•â•â•â•â•â•â•â•â•â•â•â•â•â•â•â•â•â•â•â•â•â•â•â•â•â•â•â•â•â•â•â•â•â•â•â•â•â•â•â•â•â•â•â•â•â•â•â•â•â•â•â•â•â•â•â•â•â•â•â•â•â•â•â•â•â•â•â•â•

ğŸ¯ OPCIÃ“N 1: INICIADOR INTERACTIVO (LO MÃS FÃCIL)
â”€â”€â”€â”€â”€â”€â”€â”€â”€â”€â”€â”€â”€â”€â”€â”€â”€â”€â”€â”€â”€â”€â”€â”€â”€â”€â”€â”€â”€â”€â”€â”€â”€â”€â”€â”€â”€â”€â”€â”€â”€â”€â”€â”€â”€â”€â”€â”€â”€â”€

$ python iniciar_sistema.py

Te mostrarÃ¡ un menÃº con 5 opciones para elegir

â•â•â•â•â•â•â•â•â•â•â•â•â•â•â•â•â•â•â•â•â•â•â•â•â•â•â•â•â•â•â•â•â•â•â•â•â•â•â•â•â•â•â•â•â•â•â•â•â•â•â•â•â•â•â•â•â•â•â•â•â•â•â•â•â•â•â•â•â•â•â•â•â•â•â•â•â•â•â•â•

ğŸš€ OPCIÃ“N 2: COMANDO DIRECTO (RECOMENDADO)
â”€â”€â”€â”€â”€â”€â”€â”€â”€â”€â”€â”€â”€â”€â”€â”€â”€â”€â”€â”€â”€â”€â”€â”€â”€â”€â”€â”€â”€â”€â”€â”€â”€â”€â”€â”€â”€â”€â”€â”€â”€â”€â”€

$ python servidor_flask_simplificado.py

Luego: http://127.0.0.1:5002/pensamiento

â•â•â•â•â•â•â•â•â•â•â•â•â•â•â•â•â•â•â•â•â•â•â•â•â•â•â•â•â•â•â•â•â•â•â•â•â•â•â•â•â•â•â•â•â•â•â•â•â•â•â•â•â•â•â•â•â•â•â•â•â•â•â•â•â•â•â•â•â•â•â•â•â•â•â•â•â•â•â•â•

ğŸ“Š OPCIÃ“N 3: HTML ESTÃTICO
â”€â”€â”€â”€â”€â”€â”€â”€â”€â”€â”€â”€â”€â”€â”€â”€â”€â”€â”€â”€â”€â”€â”€â”€â”€â”€

$ python servidor_http_simple.py

Luego: http://127.0.0.1:8888/biblioteca_multicapa.html

â•â•â•â•â•â•â•â•â•â•â•â•â•â•â•â•â•â•â•â•â•â•â•â•â•â•â•â•â•â•â•â•â•â•â•â•â•â•â•â•â•â•â•â•â•â•â•â•â•â•â•â•â•â•â•â•â•â•â•â•â•â•â•â•â•â•â•â•â•â•â•â•â•â•â•â•â•â•â•â•

ğŸ”§ VERIFICACIONES
â”€â”€â”€â”€â”€â”€â”€â”€â”€â”€â”€â”€â”€â”€â”€â”€â”€

Verificar BDs:
$ python verificar_bd_v2.py

Probar integrador:
$ python test_integrador.py

Listar archivos clave:
$ ls integrador_pensamiento_flask.py servidor_flask_simplificado.py

â•â•â•â•â•â•â•â•â•â•â•â•â•â•â•â•â•â•â•â•â•â•â•â•â•â•â•â•â•â•â•â•â•â•â•â•â•â•â•â•â•â•â•â•â•â•â•â•â•â•â•â•â•â•â•â•â•â•â•â•â•â•â•â•â•â•â•â•â•â•â•â•â•â•â•â•â•â•â•â•

âš¡ SECUENCIA COMPLETA DE INICIO:

1. Abre PowerShell
2. cd c:\Users\USUARIO\Programacion\modelos\App_colaborativa
3. .venv\Scripts\Activate.ps1
4. python servidor_flask_simplificado.py
5. Abre navegador: http://127.0.0.1:5002/pensamiento

LISTO! âœ…

â•â•â•â•â•â•â•â•â•â•â•â•â•â•â•â•â•â•â•â•â•â•â•â•â•â•â•â•â•â•â•â•â•â•â•â•â•â•â•â•â•â•â•â•â•â•â•â•â•â•â•â•â•â•â•â•â•â•â•â•â•â•â•â•â•â•â•â•â•â•â•â•â•â•â•â•â•â•â•â•

ğŸ“‹ ESTADO DEL SISTEMA:

âœ… Datos: 4 autores, 233,792 palabras
âœ… Capas: SemÃ¡ntica, Cognitiva, MetodolÃ³gica, Evolutiva, Relacional
âœ… API JSON: /api/autores, /api/pensamiento/<autor>
âœ… HTML: Interactivo con selector de autores

â•â•â•â•â•â•â•â•â•â•â•â•â•â•â•â•â•â•â•â•â•â•â•â•â•â•â•â•â•â•â•â•â•â•â•â•â•â•â•â•â•â•â•â•â•â•â•â•â•â•â•â•â•â•â•â•â•â•â•â•â•â•â•â•â•â•â•â•â•â•â•â•â•â•â•â•â•â•â•â•

ğŸŒ ACCESOS DISPONIBLES DESPUÃ‰S DE INICIAR:

Con OPCIÃ“N 2 (servidor_flask_simplificado.py):
  â€¢ http://127.0.0.1:5002/                    â†’ PÃ¡gina inicio
  â€¢ http://127.0.0.1:5002/pensamiento         â†’ Panel principal
  â€¢ http://127.0.0.1:5002/api/autores         â†’ JSON de autores
  â€¢ http://127.0.0.1:5002/api/pensamiento/<autor> â†’ JSON anÃ¡lisis

Con OPCIÃ“N 3 (servidor_http_simple.py):
  â€¢ http://127.0.0.1:8888/                    â†’ PÃ¡gina inicio
  â€¢ http://127.0.0.1:8888/biblioteca_multicapa.html â†’ Panel

â•â•â•â•â•â•â•â•â•â•â•â•â•â•â•â•â•â•â•â•â•â•â•â•â•â•â•â•â•â•â•â•â•â•â•â•â•â•â•â•â•â•â•â•â•â•â•â•â•â•â•â•â•â•â•â•â•â•â•â•â•â•â•â•â•â•â•â•â•â•â•â•â•â•â•â•â•â•â•â•

âŒ SI TIENES PROBLEMAS:

Puerto en uso:
  â€¢ Cambia puerto en servidor_flask_simplificado.py (lÃ­nea ~120)
  â€¢ O detÃ©n otros procesos: taskkill /F /IM python.exe

MÃ³dulo no encontrado (ModuleNotFoundError):
  â€¢ Instala: pip install flask
  â€¢ O dentro del venv: .venv\Scripts\pip.exe install flask

Entorno virtual no activado:
  â€¢ Ejecuta: .venv\Scripts\Activate.ps1
  â€¢ DeberÃ­as ver: (.venv) PS ...

BD vacÃ­a:
  â€¢ Ejecuta: python verificar_bd_v2.py
  â€¢ Debe mostrar 4 autores en metadatos.db

â•â•â•â•â•â•â•â•â•â•â•â•â•â•â•â•â•â•â•â•â•â•â•â•â•â•â•â•â•â•â•â•â•â•â•â•â•â•â•â•â•â•â•â•â•â•â•â•â•â•â•â•â•â•â•â•â•â•â•â•â•â•â•â•â•â•â•â•â•â•â•â•â•â•â•â•â•â•â•â•

ğŸ’¡ TIPS ÃšTILES:

â€¢ Abre 2 terminales para tener ambos puertos (5002 y 8888) simultÃ¡neamente
â€¢ Usa Ctrl+C para detener un servidor
â€¢ Para API JSON, usa curl o Postman
â€¢ Recarga el navegador (F5) si no ves cambios

â•â•â•â•â•â•â•â•â•â•â•â•â•â•â•â•â•â•â•â•â•â•â•â•â•â•â•â•â•â•â•â•â•â•â•â•â•â•â•â•â•â•â•â•â•â•â•â•â•â•â•â•â•â•â•â•â•â•â•â•â•â•â•â•â•â•â•â•â•â•â•â•â•â•â•â•â•â•â•â•

ğŸ“š DOCUMENTACIÃ“N:

â€¢ INICIO_RAPIDO.txt          â†’ GuÃ­a de opciones disponibles
â€¢ RESPUESTA_A_TU_PREGUNTA.txt â†’ ExplicaciÃ³n del problema
â€¢ GUIA_PASO_A_PASO.txt       â†’ Instrucciones detalladas
â€¢ ANALISIS_DISCREPANCIA_DATOS.md â†’ AnÃ¡lisis tÃ©cnico
â€¢ RESUMEN_SOLUCION.md        â†’ Resumen ejecutivo

â•â•â•â•â•â•â•â•â•â•â•â•â•â•â•â•â•â•â•â•â•â•â•â•â•â•â•â•â•â•â•â•â•â•â•â•â•â•â•â•â•â•â•â•â•â•â•â•â•â•â•â•â•â•â•â•â•â•â•â•â•â•â•â•â•â•â•â•â•â•â•â•â•â•â•â•â•â•â•â•

ğŸ¯ RESUMEN PARA EMPEZAR AHORA:

python servidor_flask_simplificado.py

http://127.0.0.1:5002/pensamiento

DONE! âœ…

â•â•â•â•â•â•â•â•â•â•â•â•â•â•â•â•â•â•â•â•â•â•â•â•â•â•â•â•â•â•â•â•â•â•â•â•â•â•â•â•â•â•â•â•â•â•â•â•â•â•â•â•â•â•â•â•â•â•â•â•â•â•â•â•â•â•â•â•â•â•â•â•â•â•â•â•â•â•â•â•
