ğŸ”§ GUÃA DE IMPLEMENTACIÃ“N PASO A PASO
====================================

OBJETIVO: Hacer que http://127.0.0.1:5002/pensamiento muestre los datos
(Igual que http://127.0.0.1:8888/biblioteca_multicapa.html)

â•â•â•â•â•â•â•â•â•â•â•â•â•â•â•â•â•â•â•â•â•â•â•â•â•â•â•â•â•â•â•â•â•â•â•â•â•â•â•â•â•â•â•â•â•â•â•â•â•â•â•â•â•â•â•â•â•â•â•â•â•â•â•â•â•â•â•â•â•â•â•â•â•â•â•â•â•â•â•â•

âœ… PASO 1: VERIFICAR QUE LOS DATOS EXISTEN

Ejecuta:
$ cd c:\Users\USUARIO\Programacion\modelos\App_colaborativa
$ python verificar_bd_v2.py

DeberÃ­as ver:
â”Œâ”€â”€â”€â”€â”€â”€â”€â”€â”€â”€â”€â”€â”€â”€â”€â”€â”€â”€â”€â”€â”€â”€â”€â”€â”€â”€â”€â”€â”€â”€â”€â”€â”€â”€â”€â”€â”€â”€â”€â”€â”€â”€â”€â”€â”€â”€â”€â”€â”€â”
â”‚ ğŸ“Š VERIFICACIÃ“N DE BASES DE DATOS               â”‚
â”œâ”€â”€â”€â”€â”€â”€â”€â”€â”€â”€â”€â”€â”€â”€â”€â”€â”€â”€â”€â”€â”€â”€â”€â”€â”€â”€â”€â”€â”€â”€â”€â”€â”€â”€â”€â”€â”€â”€â”€â”€â”€â”€â”€â”€â”€â”€â”€â”€â”€â”¤
â”‚ ğŸ“ METADATOS.DB                                 â”‚
â”‚ Tablas: 3                                       â”‚
â”‚   - sqlite_sequence: 1 registros                â”‚
â”‚   - perfiles_cognitivos_backup: 20 registros    â”‚
â”‚   - perfiles_cognitivos: 4 registros â† CLAVE   â”‚
â”‚                                                 â”‚
â”‚ ğŸ“ MULTICAPA_PENSAMIENTO.DB                     â”‚
â”‚ Tablas: 6                                       â”‚
â”‚   - analisis_multicapa: 5 registros             â”‚
â”‚   - firmas_intelectuales: 5 registros           â”‚
â”‚   ... mÃ¡s tablas ...                            â”‚
â””â”€â”€â”€â”€â”€â”€â”€â”€â”€â”€â”€â”€â”€â”€â”€â”€â”€â”€â”€â”€â”€â”€â”€â”€â”€â”€â”€â”€â”€â”€â”€â”€â”€â”€â”€â”€â”€â”€â”€â”€â”€â”€â”€â”€â”€â”€â”€â”€â”€â”˜

âœ… Si ves esto: LOS DATOS EXISTEN

â•â•â•â•â•â•â•â•â•â•â•â•â•â•â•â•â•â•â•â•â•â•â•â•â•â•â•â•â•â•â•â•â•â•â•â•â•â•â•â•â•â•â•â•â•â•â•â•â•â•â•â•â•â•â•â•â•â•â•â•â•â•â•â•â•â•â•â•â•â•â•â•â•â•â•â•â•â•â•â•

âœ… PASO 2: VERIFICAR QUE LOS ARCHIVOS ESTÃN CREADOS

Ejecuta:
$ ls -la integrador_pensamiento_flask.py
$ ls -la servidor_flask_simplificado.py

DeberÃ­as ver ambos archivos listados.

O en PowerShell:
$ Get-Item integrador_pensamiento_flask.py
$ Get-Item servidor_flask_simplificado.py

â•â•â•â•â•â•â•â•â•â•â•â•â•â•â•â•â•â•â•â•â•â•â•â•â•â•â•â•â•â•â•â•â•â•â•â•â•â•â•â•â•â•â•â•â•â•â•â•â•â•â•â•â•â•â•â•â•â•â•â•â•â•â•â•â•â•â•â•â•â•â•â•â•â•â•â•â•â•â•â•

âœ… PASO 3: PROBAR EL INTEGRADOR DIRECTAMENTE

Crea un archivo de prueba (test_integrador.py) con:

```python
#!/usr/bin/env python3
import sys
from pathlib import Path
sys.path.insert(0, str(Path(__file__).parent / "colaborative" / "scripts"))

from integrador_pensamiento_flask import integrador

print("\n" + "="*60)
print("ğŸ§ª PRUEBA DEL INTEGRADOR")
print("="*60 + "\n")

# Obtener autores
autores = integrador.obtener_autores_disponibles()
print(f"âœ… Autores encontrados: {len(autores)}")
for autor in autores:
    print(f"   â€¢ {autor['nombre']} - {autor.get('total_palabras', 0)} palabras")

# Obtener anÃ¡lisis de un autor
if autores:
    primer_autor = autores[0]['nombre']
    print(f"\nğŸ“Š Obteniendo anÃ¡lisis de: {primer_autor}")
    analisis = integrador.obtener_analisis_autor(primer_autor)
    if analisis:
        print(f"âœ… AnÃ¡lisis completado")
        print(f"   â€¢ Capas disponibles: SemÃ¡ntica, Cognitiva, MetodolÃ³gica, Evolutiva, Relacional")
        print(f"   â€¢ Firma intelectual: {analisis.get('firma_intelectual', {})}")
    else:
        print(f"âŒ No se pudo obtener anÃ¡lisis")

# Generar HTML
print("\nğŸ“„ Generando HTML...")
html = integrador.generar_html_pensamiento()
print(f"âœ… HTML generado: {len(html):,} caracteres")

print("\n" + "="*60 + "\n")
```

Ejecuta:
$ python test_integrador.py

Resultado esperado:
â”Œâ”€â”€â”€â”€â”€â”€â”€â”€â”€â”€â”€â”€â”€â”€â”€â”€â”€â”€â”€â”€â”€â”€â”€â”€â”€â”€â”€â”€â”€â”€â”€â”€â”€â”€â”€â”€â”€â”€â”€â”€â”€â”€â”€â”€â”€â”€â”€â”€â”€â”
â”‚ âœ… Autores encontrados: 4                       â”‚
â”‚    â€¢ Noelia Malvina CofrÃ© - 3157 palabras       â”‚
â”‚    â€¢ Citlalli - 57621 palabras                  â”‚
â”‚    â€¢ Daniel Esteban Brola - 121801 palabras     â”‚
â”‚    â€¢ Carlos Pandiella Molina - 51213 palabras   â”‚
â”‚                                                 â”‚
â”‚ ğŸ“Š Obteniendo anÃ¡lisis de: Noelia Malvina CofrÃ©â”‚
â”‚ âœ… AnÃ¡lisis completado                         â”‚
â”‚    â€¢ Capas disponibles: ...                     â”‚
â”‚                                                 â”‚
â”‚ ğŸ“„ Generando HTML...                           â”‚
â”‚ âœ… HTML generado: 25,503 caracteres             â”‚
â””â”€â”€â”€â”€â”€â”€â”€â”€â”€â”€â”€â”€â”€â”€â”€â”€â”€â”€â”€â”€â”€â”€â”€â”€â”€â”€â”€â”€â”€â”€â”€â”€â”€â”€â”€â”€â”€â”€â”€â”€â”€â”€â”€â”€â”€â”€â”€â”€â”€â”˜

â•â•â•â•â•â•â•â•â•â•â•â•â•â•â•â•â•â•â•â•â•â•â•â•â•â•â•â•â•â•â•â•â•â•â•â•â•â•â•â•â•â•â•â•â•â•â•â•â•â•â•â•â•â•â•â•â•â•â•â•â•â•â•â•â•â•â•â•â•â•â•â•â•â•â•â•â•â•â•â•

âœ… PASO 4: INICIAR EL SERVIDOR FLASK SIMPLIFICADO

Ejecuta:
$ python servidor_flask_simplificado.py

Resultado esperado:
â”Œâ”€â”€â”€â”€â”€â”€â”€â”€â”€â”€â”€â”€â”€â”€â”€â”€â”€â”€â”€â”€â”€â”€â”€â”€â”€â”€â”€â”€â”€â”€â”€â”€â”€â”€â”€â”€â”€â”€â”€â”€â”€â”€â”€â”€â”€â”€â”€â”€â”€â”
â”‚ â•â•â•â•â•â•â•â•â•â•â•â•â•â•â•â•â•â•â•â•â•â•â•â•â•â•â•â•â•â•â•â•â•â•â•â•â•â•â•â•â•â•â•â•â•â•â•â• â”‚
â”‚ ğŸš€ SERVIDOR FLASK - ANÃLISIS MULTICAPA          â”‚
â”‚ â•â•â•â•â•â•â•â•â•â•â•â•â•â•â•â•â•â•â•â•â•â•â•â•â•â•â•â•â•â•â•â•â•â•â•â•â•â•â•â•â•â•â•â•â•â•â•â• â”‚
â”‚                                                 â”‚
â”‚ âœ… Rutas disponibles:                          â”‚
â”‚    ğŸŒ http://127.0.0.1:5002/                   â”‚
â”‚    ğŸ“Š http://127.0.0.1:5002/pensamiento        â”‚
â”‚    ğŸ‘¥ http://127.0.0.1:5002/api/autores        â”‚
â”‚    ğŸ“ˆ http://127.0.0.1:5002/api/pensamiento/<autor> â”‚
â”‚                                                 â”‚
â”‚ â•â•â•â•â•â•â•â•â•â•â•â•â•â•â•â•â•â•â•â•â•â•â•â•â•â•â•â•â•â•â•â•â•â•â•â•â•â•â•â•â•â•â•â•â•â•â•â• â”‚
â”‚ Running on http://127.0.0.1:5002               â”‚
â”‚ Press CTRL+C to quit                           â”‚
â”‚ Restarting with reloader                       â”‚
â”‚ ... WARNING in development mode ...            â”‚
â””â”€â”€â”€â”€â”€â”€â”€â”€â”€â”€â”€â”€â”€â”€â”€â”€â”€â”€â”€â”€â”€â”€â”€â”€â”€â”€â”€â”€â”€â”€â”€â”€â”€â”€â”€â”€â”€â”€â”€â”€â”€â”€â”€â”€â”€â”€â”€â”€â”€â”˜

âœ… Si ves esto: El servidor estÃ¡ corriendo

â•â•â•â•â•â•â•â•â•â•â•â•â•â•â•â•â•â•â•â•â•â•â•â•â•â•â•â•â•â•â•â•â•â•â•â•â•â•â•â•â•â•â•â•â•â•â•â•â•â•â•â•â•â•â•â•â•â•â•â•â•â•â•â•â•â•â•â•â•â•â•â•â•â•â•â•â•â•â•â•

âœ… PASO 5: ACCEDER Y VERIFICAR LOS DATOS

Abre tu navegador y ve a:
http://127.0.0.1:5002/pensamiento

DeberÃ­as ver:
âœ… PÃ¡gina interactiva
âœ… Selector de autores con 4 opciones
âœ… 4 Autores Analizados
âœ… 233,792 Palabras Procesadas
âœ… 5 Capas de AnÃ¡lisis:
   â€¢ Capa SemÃ¡ntica
   â€¢ Capa Cognitiva
   â€¢ Capa MetodolÃ³gica
   â€¢ Capa Evolutiva
   â€¢ Capa Relacional

â•â•â•â•â•â•â•â•â•â•â•â•â•â•â•â•â•â•â•â•â•â•â•â•â•â•â•â•â•â•â•â•â•â•â•â•â•â•â•â•â•â•â•â•â•â•â•â•â•â•â•â•â•â•â•â•â•â•â•â•â•â•â•â•â•â•â•â•â•â•â•â•â•â•â•â•â•â•â•â•

âœ… PASO 6: COMPARAR CON EL PUERTO 8888

Abre OTRA pestaÃ±a y ve a:
http://127.0.0.1:8888/biblioteca_multicapa.html

DeberÃ­as ver:
âœ… EXACTAMENTE LA MISMA INTERFAZ
âœ… EXACTAMENTE LOS MISMOS 4 AUTORES
âœ… EXACTAMENTE LOS MISMOS DATOS

Si ambos muestran lo mismo: âœ… PROBLEMA RESUELTO

â•â•â•â•â•â•â•â•â•â•â•â•â•â•â•â•â•â•â•â•â•â•â•â•â•â•â•â•â•â•â•â•â•â•â•â•â•â•â•â•â•â•â•â•â•â•â•â•â•â•â•â•â•â•â•â•â•â•â•â•â•â•â•â•â•â•â•â•â•â•â•â•â•â•â•â•â•â•â•â•

âœ… PASO 7: PROBAR API JSON (OPCIONAL)

En terminal, ejecuta:

# Obtener lista de autores en JSON
$ curl http://127.0.0.1:5002/api/autores

Resultado:
{
  "total": 4,
  "autores": [
    {"nombre": "Noelia Malvina CofrÃ©", "total_palabras": 3157, ...},
    {"nombre": "Citlalli", "total_palabras": 57621, ...},
    ...
  ]
}

# Obtener anÃ¡lisis de un autor
$ curl http://127.0.0.1:5002/api/pensamiento/Daniel%20Esteban%20Brola

Resultado:
{
  "autor": "Daniel Esteban Brola",
  "total_palabras": 121801,
  "capa_cognitiva": {
    "formalismo": 0.75,
    "creatividad": 0.45,
    ...
  },
  ...
}

â•â•â•â•â•â•â•â•â•â•â•â•â•â•â•â•â•â•â•â•â•â•â•â•â•â•â•â•â•â•â•â•â•â•â•â•â•â•â•â•â•â•â•â•â•â•â•â•â•â•â•â•â•â•â•â•â•â•â•â•â•â•â•â•â•â•â•â•â•â•â•â•â•â•â•â•â•â•â•â•

âœ… PASO 8: USAR CON EL SERVIDOR COMPLEJO (OPCIONAL)

Si quieres mantener end2end_webapp.py y solo corregir /pensamiento:

$ python corrector_ruta_pensamiento.py

Resultado:
â”Œâ”€â”€â”€â”€â”€â”€â”€â”€â”€â”€â”€â”€â”€â”€â”€â”€â”€â”€â”€â”€â”€â”€â”€â”€â”€â”€â”€â”€â”€â”€â”€â”€â”€â”€â”€â”€â”€â”€â”€â”€â”€â”€â”€â”€â”€â”€â”€â”€â”€â”
â”‚ ğŸ”§ CORRECTOR DE RUTA /PENSAMIENTO               â”‚
â”œâ”€â”€â”€â”€â”€â”€â”€â”€â”€â”€â”€â”€â”€â”€â”€â”€â”€â”€â”€â”€â”€â”€â”€â”€â”€â”€â”€â”€â”€â”€â”€â”€â”€â”€â”€â”€â”€â”€â”€â”€â”€â”€â”€â”€â”€â”€â”€â”€â”€â”¤
â”‚ ğŸ“ Leyendo archivo: end2end_webapp.py             â”‚
â”‚ âœ… Encontrada ruta antigua /pensamiento         â”‚
â”‚ ğŸ’¾ Backup guardado: end2end_webapp_backup.py    â”‚
â”‚ âœ… Archivo actualizado: end2end_webapp.py        â”‚
â”‚                                                 â”‚
â”‚ âœ… RUTA /PENSAMIENTO CORREGIDA                  â”‚
â”‚ La ruta /pensamiento ahora usarÃ¡:               â”‚
â”‚   - Datos de: metadatos.db                      â”‚
â”‚   - Integrador: integrador_pensamiento_flask.py â”‚
â”‚   - Mismo formato que: 8888                     â”‚
â””â”€â”€â”€â”€â”€â”€â”€â”€â”€â”€â”€â”€â”€â”€â”€â”€â”€â”€â”€â”€â”€â”€â”€â”€â”€â”€â”€â”€â”€â”€â”€â”€â”€â”€â”€â”€â”€â”€â”€â”€â”€â”€â”€â”€â”€â”€â”€â”€â”€â”˜

Luego reinicia Flask:
$ python colaborative/scripts/end2end_webapp.py

Y accede a:
http://127.0.0.1:5002/pensamiento

â•â•â•â•â•â•â•â•â•â•â•â•â•â•â•â•â•â•â•â•â•â•â•â•â•â•â•â•â•â•â•â•â•â•â•â•â•â•â•â•â•â•â•â•â•â•â•â•â•â•â•â•â•â•â•â•â•â•â•â•â•â•â•â•â•â•â•â•â•â•â•â•â•â•â•â•â•â•â•â•

â“ SOLUCIÃ“N DE PROBLEMAS:

âŒ "ModuleNotFoundError: No module named 'flask'"
   âœ… Instala Flask: pip install flask

âŒ "No se encuentra integrador_pensamiento_flask"
   âœ… Verifica que estÃ© en colaborative/scripts/

âŒ "Autor no encontrado en API"
   âœ… Usa el nombre exacto: "Daniel Esteban Brola"
   âœ… O accede primero a /api/autores para ver la lista

âŒ "Puerto 5002 ya estÃ¡ en uso"
   âœ… Cambia el puerto en servidor_flask_simplificado.py (lÃ­nea ~120)
   âœ… Busca: app.run(host='127.0.0.1', port=5002, ...)
   âœ… Cambia 5002 a otro puerto, ej: 5003

âŒ "Base de datos vacÃ­a"
   âœ… Ejecuta: python verificar_bd_v2.py
   âœ… Verifica que metadatos.db tenga 4 registros

â•â•â•â•â•â•â•â•â•â•â•â•â•â•â•â•â•â•â•â•â•â•â•â•â•â•â•â•â•â•â•â•â•â•â•â•â•â•â•â•â•â•â•â•â•â•â•â•â•â•â•â•â•â•â•â•â•â•â•â•â•â•â•â•â•â•â•â•â•â•â•â•â•â•â•â•â•â•â•â•

ğŸ“‹ CHECKLIST DE VERIFICACIÃ“N:

â–¡ Paso 1: Datos existen en BD âœ…
â–¡ Paso 2: Archivos estÃ¡n creados âœ…
â–¡ Paso 3: Integrador funciona âœ…
â–¡ Paso 4: Servidor Flask corre âœ…
â–¡ Paso 5: /pensamiento muestra datos âœ…
â–¡ Paso 6: Datos son idÃ©nticos en 5002 y 8888 âœ…
â–¡ Paso 7: API JSON funciona (opcional) âœ…
â–¡ Paso 8: end2end_webapp.py estÃ¡ corregido (opcional) âœ…

â•â•â•â•â•â•â•â•â•â•â•â•â•â•â•â•â•â•â•â•â•â•â•â•â•â•â•â•â•â•â•â•â•â•â•â•â•â•â•â•â•â•â•â•â•â•â•â•â•â•â•â•â•â•â•â•â•â•â•â•â•â•â•â•â•â•â•â•â•â•â•â•â•â•â•â•â•â•â•â•

ğŸ¯ RESULTADO FINAL:

Si completaste todos los pasos:

âœ… http://127.0.0.1:5002/pensamiento        â†’ MUESTRA 4 AUTORES
âœ… http://127.0.0.1:8888/biblioteca_multicapa.html â†’ MUESTRA 4 AUTORES (IDENTICO)
âœ… http://127.0.0.1:5002/api/pensamiento/<autor>   â†’ RETORNA JSON CON DATOS

ğŸ˜Š PROBLEMA RESUELTO: Los datos estÃ¡n consolidados y consistentes

â•â•â•â•â•â•â•â•â•â•â•â•â•â•â•â•â•â•â•â•â•â•â•â•â•â•â•â•â•â•â•â•â•â•â•â•â•â•â•â•â•â•â•â•â•â•â•â•â•â•â•â•â•â•â•â•â•â•â•â•â•â•â•â•â•â•â•â•â•â•â•â•â•â•â•â•â•â•â•â•

ğŸ“ SI TIENES PROBLEMAS:

1. Verifica que estÃ©s en el directorio correcto
2. AsegÃºrate de que el venv estÃ© activado
3. Verifica los archivos con: ls -la (Linux/Mac) o dir (Windows)
4. Lee los mensajes de error completos
5. Ejecuta los scripts de prueba (test_integrador.py, verificar_bd_v2.py)

â•â•â•â•â•â•â•â•â•â•â•â•â•â•â•â•â•â•â•â•â•â•â•â•â•â•â•â•â•â•â•â•â•â•â•â•â•â•â•â•â•â•â•â•â•â•â•â•â•â•â•â•â•â•â•â•â•â•â•â•â•â•â•â•â•â•â•â•â•â•â•â•â•â•â•â•â•â•â•â•
